.\venv\Scripts\python : 2026-02-16 00:16:16,956 - INFO - \u2705 Reference 
Scale Detector initialized
At line:1 char:74
+ ... _cv_tool" ; .\venv\Scripts\python scripts\test_with_real_photos.py >  ...
+                 ~~~~~~~~~~~~~~~~~~~~~~~~~~~~~~~~~~~~~~~~~~~~~~~~~~~~~~~~~
    + CategoryInfo          : NotSpecified: (2026-02-16 00:1...tor initialized 
   :String) [], RemoteException
    + FullyQualifiedErrorId : NativeCommandError
 
2026-02-16 00:16:16,957 - INFO - \u2705 Measurement Extractor initialized
2026-02-16 00:16:16,958 - INFO - \u2705 Element Matcher initialized
2026-02-16 00:16:16,961 - INFO - 
\u2588\u2588\u2588\u2588\u2588\u2588\u2588\u2588\u2588\u2588\u2588\u2588\u2588\
u2588\u2588\u2588\u2588\u2588\u2588\u2588\u2588\u2588\u2588\u2588\u2588\u2588\u
2588\u2588\u2588\u2588\u2588\u2588\u2588\u2588\u2588\u2588\u2588\u2588\u2588\u2
588\u2588\u2588\u2588\u2588\u2588\u2588\u2588\u2588\u2588\u2588\u2588\u2588\u25
88\u2588\u2588\u2588\u2588\u2588\u2588\u2588
2026-02-16 00:16:16,961 - INFO - \u2588 CONSTRUCTION CV TOOL - COMPREHENSIVE 
TEST SUITE \u2588
2026-02-16 00:16:16,961 - INFO - \u2588\u2588\u2588\u2588\u2588\u2588\u2588\u25
88\u2588\u2588\u2588\u2588\u2588\u2588\u2588\u2588\u2588\u2588\u2588\u2588\u258
8\u2588\u2588\u2588\u2588\u2588\u2588\u2588\u2588\u2588\u2588\u2588\u2588\u2588
\u2588\u2588\u2588\u2588\u2588\u2588\u2588\u2588\u2588\u2588\u2588\u2588\u2588\
u2588\u2588\u2588\u2588\u2588\u2588\u2588\u2588\u2588\u2588\u2588\u2588\u2588
2026-02-16 00:16:16,962 - INFO - Test Date: 2026-02-16 00:16:16
2026-02-16 00:16:16,962 - INFO - Test Directory: 
C:\Users\Admin\Documents\Python project\2026\construction_cv_tool\test_data
2026-02-16 00:16:16,962 - INFO - Results Directory: 
C:\Users\Admin\Documents\Python project\2026\construction_cv_tool\test_results

2026-02-16 00:16:16,962 - INFO - Creating sample test images...
2026-02-16 00:16:17,075 - INFO - \u2705 Created sample site image: 
C:\Users\Admin\Documents\Python 
project\2026\construction_cv_tool\test_data\sample_site.jpg
2026-02-16 00:16:17,180 - INFO - \u2705 Created sample blueprint image: 
C:\Users\Admin\Documents\Python 
project\2026\construction_cv_tool\test_data\sample_blueprint.jpg
2026-02-16 00:16:17,181 - INFO - 
============================================================
2026-02-16 00:16:17,186 - INFO - PHASE 1: Reference Scale Detection
2026-02-16 00:16:17,187 - INFO - 
============================================================
2026-02-16 00:16:17,192 - INFO - \U0001f50d Detecting reference scale in: 
C:\Users\Admin\Documents\Python 
project\2026\construction_cv_tool\test_data\sample_site.jpg

0: 480x640 1 zone, 749.7ms
Speed: 205.7ms preprocess, 749.7ms inference, 2.4ms postprocess per image at shape (1, 3, 480, 640)

0: 480x640 1 zone, 486.6ms
Speed: 13.5ms preprocess, 486.6ms inference, 1.5ms postprocess per image at shape (1, 3, 480, 640)

0: 480x640 1 zone, 384.9ms
Speed: 4.8ms preprocess, 384.9ms inference, 1.8ms postprocess per image at shape (1, 3, 480, 640)
2026-02-16 00:16:20,112 - WARNING - \u26a0\ufe0f No reference scale detected 
in photo
2026-02-16 00:16:20,113 - WARNING - \u26a0\ufe0f  No reference scale detected, 
using default
2026-02-16 00:16:20,113 - INFO - 
============================================================
2026-02-16 00:16:20,113 - INFO - PHASE 2: Measurement Extraction
2026-02-16 00:16:20,113 - INFO - 
============================================================
2026-02-16 00:16:20,113 - INFO - \U0001f4ca Extracting measurements from: 
C:\Users\Admin\Documents\Python 
project\2026\construction_cv_tool\test_data\sample_site.jpg
2026-02-16 00:16:20,281 - ERROR - \u274c OCR extraction failed: tesseract is 
not installed or it's not in your PATH. See README file for more information.
2026-02-16 00:16:20,282 - INFO - \U0001f4cb Using fallback measurements for 
sample image
2026-02-16 00:16:20,289 - INFO - \u2705 Provided 7 fallback measurements for 
testing
2026-02-16 00:16:20,290 - INFO - \u2705 Measurements Extracted: 7 found
2026-02-16 00:16:20,290 - INFO -    1. width: 5.50m (conf: 95.0%)
2026-02-16 00:16:20,291 - INFO -    2. height: 6.00m (conf: 95.0%)
2026-02-16 00:16:20,291 - INFO -    3. window: 2.00m (conf: 90.0%)
2026-02-16 00:16:20,291 - INFO -    4. window: 1.50m (conf: 90.0%)
2026-02-16 00:16:20,291 - INFO -    5. door: 1.20m (conf: 85.0%)
2026-02-16 00:16:20,293 - INFO -    ... and 2 more
2026-02-16 00:16:20,295 - INFO -    \u23f1  Time: 0.18s
2026-02-16 00:16:20,298 - INFO - 
============================================================
2026-02-16 00:16:20,299 - INFO - PHASE 2: Measurement Extraction
2026-02-16 00:16:20,304 - INFO - 
============================================================
2026-02-16 00:16:20,304 - INFO - \U0001f4ca Extracting measurements from: 
C:\Users\Admin\Documents\Python 
project\2026\construction_cv_tool\test_data\sample_blueprint.jpg
2026-02-16 00:16:20,598 - ERROR - \u274c OCR extraction failed: tesseract is 
not installed or it's not in your PATH. See README file for more information.
2026-02-16 00:16:20,598 - INFO - \U0001f4cb Using fallback measurements for 
sample image
2026-02-16 00:16:20,598 - INFO - \u2705 Provided 7 fallback measurements for 
testing
2026-02-16 00:16:20,599 - INFO - \u2705 Measurements Extracted: 7 found
2026-02-16 00:16:20,599 - INFO -    1. width: 5.50m (conf: 98.0%)
2026-02-16 00:16:20,599 - INFO -    2. height: 6.00m (conf: 98.0%)
2026-02-16 00:16:20,599 - INFO -    3. window: 2.00m (conf: 99.0%)
2026-02-16 00:16:20,599 - INFO -    4. window: 1.50m (conf: 99.0%)
2026-02-16 00:16:20,600 - INFO -    5. door: 1.20m (conf: 99.0%)
2026-02-16 00:16:20,600 - INFO -    ... and 2 more
2026-02-16 00:16:20,600 - INFO -    \u23f1  Time: 0.29s
2026-02-16 00:16:20,600 - INFO - 
============================================================
2026-02-16 00:16:20,600 - INFO - PHASE 3: Element Matching
2026-02-16 00:16:20,600 - INFO - 
============================================================
2026-02-16 00:16:20,600 - INFO - \U0001f504 Matching 7 site measurements to 7 
PDF elements...
2026-02-16 00:16:20,601 - INFO -    \U0001f4cd Pass 1: Matching by type...
2026-02-16 00:16:20,601 - INFO -    \u2705 Matched: width \u2192 match (0.0% 
diff)
2026-02-16 00:16:20,602 - INFO -    \u2705 Matched: height \u2192 match (0.0% 
diff)
2026-02-16 00:16:20,603 - INFO -    \u2705 Matched: window \u2192 match (0.0% 
diff)
2026-02-16 00:16:20,604 - INFO -    \u2705 Matched: window \u2192 match (0.0% 
diff)
2026-02-16 00:16:20,604 - INFO -    \u2705 Matched: door \u2192 match (0.0% 
diff)
2026-02-16 00:16:20,605 - INFO -    \u2705 Matched: room_width \u2192 match 
(0.0% diff)
2026-02-16 00:16:20,605 - INFO -    \u2705 Matched: room_width \u2192 match 
(0.0% diff)
2026-02-16 00:16:20,605 - INFO -    \U0001f4cd Pass 2: Matching by proximity...
2026-02-16 00:16:20,605 - INFO -    \u2139\ufe0f  No proximity matching 
(location data not available)
2026-02-16 00:16:20,605 - INFO -    \U0001f4cd Pass 3: Matching by value...
2026-02-16 00:16:20,605 - INFO - \u2705 Matching complete: 7 matches, 0 
unmatched site, 0 unmatched PDF
2026-02-16 00:16:20,605 - INFO - \u2705 Matching Complete: 7 matches found
2026-02-16 00:16:20,606 - INFO -    1. 5.50m \u2190 exact_type \u2192 5.50m 
(conf: 100.0%)
2026-02-16 00:16:20,606 - INFO -    2. 6.00m \u2190 exact_type \u2192 6.00m 
(conf: 100.0%)
2026-02-16 00:16:20,606 - INFO -    3. 2.00m \u2190 exact_type \u2192 2.00m 
(conf: 100.0%)
2026-02-16 00:16:20,606 - INFO -    4. 1.50m \u2190 exact_type \u2192 1.50m 
(conf: 100.0%)
2026-02-16 00:16:20,606 - INFO -    5. 1.20m \u2190 exact_type \u2192 1.20m 
(conf: 100.0%)
2026-02-16 00:16:20,606 - INFO -    ... and 2 more
2026-02-16 00:16:20,606 - INFO -    \u23f1  Time: 0.01s
2026-02-16 00:16:20,606 - INFO - 
============================================================
2026-02-16 00:16:20,606 - INFO - PHASE 4: Report Generation
2026-02-16 00:16:20,607 - INFO - 
============================================================
2026-02-16 00:16:21,238 - INFO - \u2705 PDF report saved to: 
C:\Users\Admin\Documents\Python 
project\2026\construction_cv_tool\test_results\test_report.pdf
2026-02-16 00:16:21,250 - INFO - \u2705 CSV report saved to: 
C:\Users\Admin\Documents\Python 
project\2026\construction_cv_tool\test_results\test_report.csv
2026-02-16 00:16:21,251 - INFO - \u2705 Reports Generated:
2026-02-16 00:16:21,251 - INFO -    \U0001f4c4 PDF: 
C:\Users\Admin\Documents\Python 
project\2026\construction_cv_tool\test_results\test_report.pdf
2026-02-16 00:16:21,251 - INFO -    \U0001f4ca CSV: 
C:\Users\Admin\Documents\Python 
project\2026\construction_cv_tool\test_results\test_report.csv
2026-02-16 00:16:21,251 - INFO -    \u23f1  Time: 0.64s
2026-02-16 00:16:21,251 - INFO - 
============================================================
2026-02-16 00:16:21,251 - INFO - PHASE 5: Web Interface Readiness
2026-02-16 00:16:21,251 - INFO - 
============================================================
2026-02-16 00:16:22,408 - INFO - \u2705 Reference Scale Detector initialized
2026-02-16 00:16:22,409 - INFO - \u2705 Measurement Extractor initialized
2026-02-16 00:16:22,409 - INFO - \u2705 Element Matcher initialized
2026-02-16 00:16:22,409 - INFO - \u2705 TaskQueue initialized (max_workers=2)
2026-02-16 00:16:22,410 - INFO -    Registered handler for: analyze_photos
2026-02-16 00:16:22,430 - INFO - \u2705 Started 2 worker threads
2026-02-16 00:16:22,439 - INFO - \u2705 TaskQueue initialized (max_workers=2)
2026-02-16 00:16:22,439 - INFO - \u2705 TaskQueue initialized with 2 workers
2026-02-16 00:16:22,439 - INFO - \u2705 Flask app initialized
2026-02-16 00:16:22,439 - INFO -    Routes: 8
2026-02-16 00:16:22,440 - INFO -    - /static/<path:filename>
2026-02-16 00:16:22,440 - INFO -    - /
2026-02-16 00:16:22,440 - INFO -    - /upload
2026-02-16 00:16:22,440 - INFO -    - /tasks
2026-02-16 00:16:22,440 - INFO -    - /tasks/<task_id>
2026-02-16 00:16:22,440 - INFO - 
============================================================
2026-02-16 00:16:22,440 - INFO - TEST SUMMARY
2026-02-16 00:16:22,440 - INFO - 
============================================================
2026-02-16 00:16:22,440 - INFO - \u26a0\ufe0f PHASE_1: warning
2026-02-16 00:16:22,441 - INFO -    \u23f1  2.93s
2026-02-16 00:16:22,441 - INFO - \u2705 PHASE_2_SITE: passed
2026-02-16 00:16:22,441 - INFO -    \u23f1  0.18s
2026-02-16 00:16:22,441 - INFO - \u2705 PHASE_2_BLUEPRINT: passed
2026-02-16 00:16:22,441 - INFO -    \u23f1  0.29s
2026-02-16 00:16:22,441 - INFO - \u2705 PHASE_3: passed
2026-02-16 00:16:22,441 - INFO -    \u23f1  0.01s
2026-02-16 00:16:22,441 - INFO - \u2705 PHASE_4: passed
2026-02-16 00:16:22,441 - INFO -    \u23f1  0.64s
2026-02-16 00:16:22,441 - INFO - \u2705 PHASE_5: passed
2026-02-16 00:16:22,445 - INFO - 
============================================================
2026-02-16 00:16:22,445 - INFO - 
\U0001f389 Full Test Suite Complete!
2026-02-16 00:16:22,445 - INFO - 
Next Steps:
2026-02-16 00:16:22,445 - INFO - 1. Review test results in test_results/
2026-02-16 00:16:22,446 - INFO - 2. Start web app: python web_app.py
2026-02-16 00:16:22,446 - INFO - 3. Open http://localhost:5000
2026-02-16 00:16:22,446 - INFO - 4. Upload real construction photos
2026-02-16 00:16:22,457 - INFO - 
\u2705 Test results saved to: C:\Users\Admin\Documents\Python 
project\2026\construction_cv_tool\test_results\test_results.json
